SQL> select * from ANGAJATI where salariu>1500;

    ID_ANG NUME                           FUNCTIE                  ID_SEF       
---------- ------------------------------ -------------------- ----------       
DATA_ANG     SALARIU   COMISION     ID_DEP                                      
--------- ---------- ---------- ----------                                      
      7499 ALLEN                          SALESMAN                   7698       
20-FEB-81       1600        300         30                                      
                                                                                
      7566 JONES                          MANAGER                    7839       
02-APR-81       2975                    20                                      
                                                                                
      7698 BLAKE                          MANAGER                    7839       
01-MAY-81       2850                    30                                      
                                                                                

    ID_ANG NUME                           FUNCTIE                  ID_SEF       
---------- ------------------------------ -------------------- ----------       
DATA_ANG     SALARIU   COMISION     ID_DEP                                      
--------- ---------- ---------- ----------                                      
      7782 CLARK                          MANAGER                    7839       
09-JUN-81       2450                    10                                      
                                                                                
      7788 SCOTT                          ANALYST                    7566       
19-APR-87       3000                    20                                      
                                                                                
      7839 KING                           PRESIDENT                             
17-NOV-81       5000                    10                                      
                                                                                

    ID_ANG NUME                           FUNCTIE                  ID_SEF       
---------- ------------------------------ -------------------- ----------       
DATA_ANG     SALARIU   COMISION     ID_DEP                                      
--------- ---------- ---------- ----------                                      
      7902 FORD                           ANALYST                    7566       
03-DEC-81       3000                    20                                      
                                                                                

7 rows selected.

SQL> select * from angajati where salariu > 1500 and salariu < 2500;

    ID_ANG NUME                           FUNCTIE                  ID_SEF       
---------- ------------------------------ -------------------- ----------       
DATA_ANG     SALARIU   COMISION     ID_DEP                                      
--------- ---------- ---------- ----------                                      
      7499 ALLEN                          SALESMAN                   7698       
20-FEB-81       1600        300         30                                      
                                                                                
      7782 CLARK                          MANAGER                    7839       
09-JUN-81       2450                    10                                      
                                                                                

SQL> select MAX(salariu) from angajati
  2  
SQL> select MAX(salariu) from angajati;

MAX(SALARIU)                                                                    
------------                                                                    
        5000                                                                    

SQL> select * from angajati where data_ang < '01-JAN-89'
  2  
SQL> select * from angajati where data_ang < '01-JAN-89';

    ID_ANG NUME                           FUNCTIE                  ID_SEF       
---------- ------------------------------ -------------------- ----------       
DATA_ANG     SALARIU   COMISION     ID_DEP                                      
--------- ---------- ---------- ----------                                      
      7369 SMITH                          CLERK                      7902       
17-DEC-80        800                    20                                      
                                                                                
      7499 ALLEN                          SALESMAN                   7698       
20-FEB-81       1600        300         30                                      
                                                                                
      7521 WARD                           SALESMAN                   7698       
22-FEB-81       1250        500         30                                      
                                                                                

    ID_ANG NUME                           FUNCTIE                  ID_SEF       
---------- ------------------------------ -------------------- ----------       
DATA_ANG     SALARIU   COMISION     ID_DEP                                      
--------- ---------- ---------- ----------                                      
      7566 JONES                          MANAGER                    7839       
02-APR-81       2975                    20                                      
                                                                                
      7654 MARTIN                         SALESMAN                   7698       
28-SEP-81       1250       1400         30                                      
                                                                                
      7698 BLAKE                          MANAGER                    7839       
01-MAY-81       2850                    30                                      
                                                                                

    ID_ANG NUME                           FUNCTIE                  ID_SEF       
---------- ------------------------------ -------------------- ----------       
DATA_ANG     SALARIU   COMISION     ID_DEP                                      
--------- ---------- ---------- ----------                                      
      7782 CLARK                          MANAGER                    7839       
09-JUN-81       2450                    10                                      
                                                                                
      7788 SCOTT                          ANALYST                    7566       
19-APR-87       3000                    20                                      
                                                                                
      7839 KING                           PRESIDENT                             
17-NOV-81       5000                    10                                      
                                                                                

    ID_ANG NUME                           FUNCTIE                  ID_SEF       
---------- ------------------------------ -------------------- ----------       
DATA_ANG     SALARIU   COMISION     ID_DEP                                      
--------- ---------- ---------- ----------                                      
      7844 TURNER                         SALESMAN                   7698       
08-SEP-81       1500          0         30                                      
                                                                                
      7876 ADAMS                          CLERK                      7788       
23-MAY-87       1100                    20                                      
                                                                                
      7900 JAMES                          CLERK                      7698       
03-DEC-81        950                    30                                      
                                                                                

    ID_ANG NUME                           FUNCTIE                  ID_SEF       
---------- ------------------------------ -------------------- ----------       
DATA_ANG     SALARIU   COMISION     ID_DEP                                      
--------- ---------- ---------- ----------                                      
      7902 FORD                           ANALYST                    7566       
03-DEC-81       3000                    20                                      
                                                                                
      7934 MILLER                         CLERK                      7782       
23-JAN-82       1300                    10                                      
                                                                                

14 rows selected.

SQL> select * from anagajati where salariu = (select (max(salariu) from angajati);
select * from anagajati where salariu = (select (max(salariu) from angajati)
                                         *
ERROR at line 1:
ORA-00921: unexpected end of SQL command 


SQL> select * from angajati where salariu = (select (max(salariu) from angajati);
select * from angajati where salariu = (select (max(salariu) from angajati)
                                        *
ERROR at line 1:
ORA-00921: unexpected end of SQL command 


SQL> select * from angajati where salariu = (select max(salariu) from angajati);

    ID_ANG NUME                           FUNCTIE                  ID_SEF       
---------- ------------------------------ -------------------- ----------       
DATA_ANG     SALARIU   COMISION     ID_DEP                                      
--------- ---------- ---------- ----------                                      
      7839 KING                           PRESIDENT                             
17-NOV-81       5000                    10                                      
                                                                                

SQL> select * from angajati where salariu = (select max(salariu) from angajati);

    ID_ANG NUME                           FUNCTIE                  ID_SEF       
---------- ------------------------------ -------------------- ----------       
DATA_ANG     SALARIU   COMISION     ID_DEP                                      
--------- ---------- ---------- ----------                                      
      7839 KING                           PRESIDENT                             
17-NOV-81       5000                    10                                      
                                                                                

SQL> select * from angajati where functie = 'ANALYST' order by desc;
select * from angajati where functie = 'ANALYST' order by desc
                                                          *
ERROR at line 1:
ORA-00936: missing expression 


SQL> select * from angajati where functie = 'ANALYST' order by nume desc;

    ID_ANG NUME                           FUNCTIE                  ID_SEF       
---------- ------------------------------ -------------------- ----------       
DATA_ANG     SALARIU   COMISION     ID_DEP                                      
--------- ---------- ---------- ----------                                      
      7788 SCOTT                          ANALYST                    7566       
19-APR-87       3000                    20                                      
                                                                                
      7902 FORD                           ANALYST                    7566       
03-DEC-81       3000                    20                                      
                                                                                

SQL> select * from angajati where ID_ANG = (select ID_SEF from angajati where nume = 'ADAMS');

    ID_ANG NUME                           FUNCTIE                  ID_SEF       
---------- ------------------------------ -------------------- ----------       
DATA_ANG     SALARIU   COMISION     ID_DEP                                      
--------- ---------- ---------- ----------                                      
      7788 SCOTT                          ANALYST                    7566       
19-APR-87       3000                    20                                      
                                                                                

SQL> select count (id_ang) from angajati;

COUNT(ID_ANG)                                                                   
-------------                                                                   
           14                                                                   

SQL> select count (id_ang) from angajati where id_dept = 20;
select count (id_ang) from angajati where id_dept = 20
                                          *
ERROR at line 1:
ORA-00904: "ID_DEPT": invalid identifier 


SQL> select count (id_ang) from angajati where id_dep = 20;

COUNT(ID_ANG)                                                                   
-------------                                                                   
            5                                                                   

SQL> select count(id_ang) from angajati where id_dep = (select id_dep from departamente where den_dep = 'RESEARCH');

COUNT(ID_ANG)                                                                   
-------------                                                                   
            5                                                                   

SQL> spool off;
